load_backend: loaded BLAS backend from /opt/homebrew/Cellar/ggml/0.23.0/libexec/libggml-blas.so
ggml_metal_device_init: tensor API disabled for pre-M5 and pre-A19 devices
ggml_metal_library_init: using embedded metal library
ggml_metal_library_compile_all: compiled 'fa' library in 0.012 sec
ggml_metal_library_compile_all: compiled 'mul_mv' library in 0.003 sec
ggml_metal_library_compile_all: compiled 'mul_mm' library in 0.002 sec
ggml_metal_library_compile_all: compiled 'quantize' library in 0.003 sec
ggml_metal_library_compile_all: compiled 'softmax' library in 0.002 sec
ggml_metal_library_compile_all: compiled 'norm' library in 0.002 sec
ggml_metal_library_compile_all: compiled 'unary' library in 0.003 sec
ggml_metal_library_compile_all: compiled 'binbcast' library in 0.001 sec
ggml_metal_library_compile_all: compiled 'reduce' library in 0.001 sec
ggml_metal_library_compile_all: compiled 'tri' library in 0.002 sec
ggml_metal_library_compile_all: compiled 'ssm' library in 0.012 sec
ggml_metal_library_compile_all: compiled 'wkv' library in 0.011 sec
ggml_metal_library_compile_all: compiled 'gated_delta_net' library in 0.011 sec
ggml_metal_library_compile_all: compiled 'solve_tri' library in 0.011 sec
ggml_metal_library_compile_all: compiled 'rope' library in 0.011 sec
ggml_metal_library_compile_all: compiled 'conv' library in 0.011 sec
ggml_metal_library_compile_all: compiled 'upscale' library in 0.011 sec
ggml_metal_library_compile_all: compiled 'argsort' library in 0.011 sec
ggml_metal_library_compile_all: compiled 'pool' library in 0.003 sec
ggml_metal_library_compile_all: compiled 'misc' library in 0.003 sec
ggml_metal_library_compile_all: loaded 20 libraries from embedded data in 0.012 sec (max single = 0.012 sec)
ggml_metal_rsets_init: creating a residency set collection (keep_alive = 180 s)
ggml_metal_device_init: GPU name:   MTL0 (Apple M3 Ultra)
ggml_metal_device_init: GPU family: MTLGPUFamilyApple9  (1009)
ggml_metal_device_init: GPU family: MTLGPUFamilyCommon3 (3003)
ggml_metal_device_init: GPU family: MTLGPUFamilyMetal3  (5001)
ggml_metal_device_init: simdgroup reduction   = true
ggml_metal_device_init: simdgroup matrix mul. = true
ggml_metal_device_init: has unified memory    = true
ggml_metal_device_init: has bfloat            = true
ggml_metal_device_init: has tensor            = false
ggml_metal_device_init: use residency sets    = true
ggml_metal_device_init: use shared buffers    = true
ggml_metal_device_init: recommendedMaxWorkingSetSize  = 77309.41 MB
load_backend: loaded MTL backend from /opt/homebrew/Cellar/ggml/0.23.0/libexec/libggml-metal.so
load_backend: loaded CPU backend from /opt/homebrew/Cellar/ggml/0.23.0/libexec/libggml-cpu-apple_m2_m3.so
| model                          |       size |     params | backend    | threads | dev          |            test |                  t/s |
| ------------------------------ | ---------: | ---------: | ---------- | ------: | ------------ | --------------: | -------------------: |
| phi3 3B Q4_K - Medium          |   2.31 GiB |     3.84 B | BLAS,MTL   |       8 | none         |           pp900 |         97.24 ± 0.15 |
| phi3 3B Q4_K - Medium          |   2.31 GiB |     3.84 B | BLAS,MTL   |       8 | none         |           pp925 |         97.02 ± 0.12 |
| phi3 3B Q4_K - Medium          |   2.31 GiB |     3.84 B | BLAS,MTL   |       8 | none         |           pp950 |         96.70 ± 0.08 |
| phi3 3B Q4_K - Medium          |   2.31 GiB |     3.84 B | BLAS,MTL   |       8 | none         |           pp975 |         95.38 ± 0.12 |
| phi3 3B Q4_K - Medium          |   2.31 GiB |     3.84 B | BLAS,MTL   |       8 | none         |          pp1000 |         97.33 ± 0.18 |
| phi3 3B Q4_K - Medium          |   2.31 GiB |     3.84 B | BLAS,MTL   |       8 | none         |            tg32 |         50.11 ± 0.48 |

build: 5266f24da (10809)
